2026-06-07 02:20:48 - HikariPool-2 - Thread starvation or clock leap detected (housekeeper delta=2h40m39s799ms943µs300ns).
2026-06-07 08:54:25 - HikariPool-2 - Thread starvation or clock leap detected (housekeeper delta=6h31m11s15ms777µs400ns).
2026-06-07 09:17:09 - HikariPool-2 - Thread starvation or clock leap detected (housekeeper delta=19m14s39ms867µs600ns).
2026-06-07 10:56:19 - HikariPool-2 - Thread starvation or clock leap detected (housekeeper delta=1m8s874ms520µs700ns).
2026-06-07 11:10:17 - HikariPool-2 - Thread starvation or clock leap detected (housekeeper delta=10m27s541ms774µs900ns).
2026-06-07 11:19:40 - HikariPool-2 - Thread starvation or clock leap detected (housekeeper delta=6m23s312ms889µs400ns).
2026-06-07 14:45:19 - HikariPool-2 - Thread starvation or clock leap detected (housekeeper delta=3h19m38s787ms720µs800ns).
2026-06-07 15:41:41 - HikariPool-2 - Thread starvation or clock leap detected (housekeeper delta=51m51s944ms64µs900ns).
2026-06-07 15:54:36 - HikariPool-2 - Thread starvation or clock leap detected (housekeeper delta=3m53s424ms921µs600ns).
2026-06-07 16:22:23 - HikariPool-2 - Thread starvation or clock leap detected (housekeeper delta=24m17s201ms507µs400ns).
2026-06-07 16:29:08 - HikariPool-2 - Thread starvation or clock leap detected (housekeeper delta=2m14s455ms711µs600ns).
2026-06-07 16:46:59 - HikariPool-2 - Thread starvation or clock leap detected (housekeeper delta=1m39s390ms459µs600ns).
2026-06-07 17:05:40 - HikariPool-2 - Thread starvation or clock leap detected (housekeeper delta=3m39s548ms932µs300ns).
2026-06-07 19:17:03 - HikariPool-2 - Thread starvation or clock leap detected (housekeeper delta=2h6m52s804ms7µs499ns).
2026-06-07 19:43:11 - HikariPool-2 - Thread starvation or clock leap detected (housekeeper delta=23m8s170ms806µs899ns).
2026-06-07 20:02:03 - Initializing Spring DispatcherServlet 'dispatcherServlet'
2026-06-07 20:02:03 - Initializing Servlet 'dispatcherServlet'
2026-06-07 20:02:03 - Completed initialization in 22 ms
2026-06-07 20:02:03 - [2026-06-07 20:02:03] | User: anonymous | IP: 0:0:0:0:0:0:0:1 | Endpoint: GET /api/v1/pays | Parameters: 
2026-06-07 20:02:04 - Serializing PageImpl instances as-is is not supported, meaning that there is no guarantee about the stability of the resulting JSON structure!
	For a stable JSON structure, please use Spring Data's PagedModel (globally via @EnableSpringDataWebSupport(pageSerializationMode = VIA_DTO))
	or Spring HATEOAS and Spring Data's PagedResourcesAssembler as documented in https://docs.spring.io/spring-data/commons/reference/repositories/core-extensions.html#core.web.pageables.

